#1 [internal] load local bake definitions
#1 reading from stdin 604B done
#1 DONE 0.0s

#2 [internal] load build definition from Dockerfile
#2 transferring dockerfile: 1.45kB done
#2 DONE 0.0s

#3 [internal] load metadata for docker.io/library/node:20-alpine
#3 DONE 0.1s

#4 [internal] load .dockerignore
#4 transferring context: 391B done
#4 DONE 0.0s

#5 [deps 1/5] FROM docker.io/library/node:20-alpine@sha256:fb4cd12c85ee03686f6af5362a0b0d56d50c58a04632e6c0fb8363f609372293
#5 resolve docker.io/library/node:20-alpine@sha256:fb4cd12c85ee03686f6af5362a0b0d56d50c58a04632e6c0fb8363f609372293 0.0s done
#5 DONE 0.0s

#6 [internal] load build context
#6 transferring context: 9.94kB done
#6 DONE 0.0s

#7 [deps 3/5] RUN echo "http://mirrors.aliyun.com/alpine/v3.23/main" > /etc/apk/repositories &&     echo "http://mirrors.aliyun.com/alpine/v3.23/community" >> /etc/apk/repositories &&     apk update &&     apk add --no-cache libc6-compat python3 make g++ &&     rm -rf /var/cache/apk/*
#7 CACHED

#8 [deps 2/5] WORKDIR /app
#8 CACHED

#9 [deps 4/5] COPY package.json package-lock.json .npmrc ./
#9 CACHED

#10 [deps 5/5] RUN npm ci &&     npm cache clean --force &&     rm -rf /root/.npm
