// Vitest Snapshot v1, https://vitest.dev/guide/snapshot.html

exports[`MatchResults 组件 > 快照测试 > 有数据时的快照应该匹配 1`] = `
<div>
  <div
    class="_container_d885bc"
  >
    <div
      class="_header_d885bc"
    >
      <h2
        class="_title_d885bc"
      >
        匹配结果
      </h2>
      <p
        class="_subtitle_d885bc"
      >
        找到 
        2
         个匹配岗位
      </p>
    </div>
    <div
      class="_statsGrid_d885bc"
    >
      <div
        class="_statCard_d885bc _statCardGreen_d885bc"
      >
        <div
          class="_statValue_d885bc _statValueGreen_d885bc"
        >
          1
        </div>
        <div
          class="_statLabel_d885bc _statLabelGreen_d885bc"
        >
          冲刺岗
        </div>
      </div>
      <div
        class="_statCard_d885bc _statCardBlue_d885bc"
      >
        <div
          class="_statValue_d885bc _statValueBlue_d885bc"
        >
          1
        </div>
        <div
          class="_statLabel_d885bc _statLabelBlue_d885bc"
        >
          匹配岗
        </div>
      </div>
      <div
        class="_statCard_d885bc _statCardYellow_d885bc"
      >
        <div
          class="_statValue_d885bc _statValueYellow_d885bc"
        >
          0
        </div>
        <div
          class="_statLabel_d885bc _statLabelYellow_d885bc"
        >
          潜力岗
        </div>
      </div>
      <div
        class="_statCard_d885bc _statCardRed_d885bc"
      >
        <div
          class="_statValue_d885bc _statValueRed_d885bc"
        >
          0
        </div>
        <div
          class="_statLabel_d885bc _statLabelRed_d885bc"
        >
          挑战岗
        </div>
      </div>
    </div>
    <div
      class="_cardList_d885bc"
    >
      <div
        class="_card_d885bc"
      >
        <div
          class="_cardHeader_d885bc"
        >
          <div
            class="_cardInfo_d885bc"
          >
            <div
              class="_cardTitleRow_d885bc"
            >
              <span
                class="_rank_d885bc"
              >
                #
                1
              </span>
              <h3
                class="_jobTitle_d885bc"
              >
                高级数据分析师
              </h3>
            </div>
            <div
              class="_jobMeta_d885bc"
            >
              <span>
                某科技公司
              </span>
              <span>
                •
              </span>
              <span>
                北京
              </span>
              <span>
                •
              </span>
              <span
                class="_salary_d885bc"
              >
                25-40K
              </span>
            </div>
          </div>
          <div
            class="_scoreBlock_d885bc"
          >
            <div
              class="_scoreValue_d885bc"
              style="color: rgb(16, 185, 129);"
            >
              88
            </div>
            <div
              class="_scoreLabel_d885bc"
            >
              冲刺岗
            </div>
          </div>
        </div>
        <div
          class="_progressBarBg_d885bc"
        >
          <div
            class="_progressBarFill_d885bc"
            style="width: 88%; background-color: rgb(16, 185, 129);"
          />
        </div>
        <div
          class="_breakdownGrid_d885bc"
        >
          <div>
            <span
              class="_breakdownLabel_d885bc"
            >
              技能:
            </span>
            <span
              class="_breakdownValue_d885bc"
            >
              25
              /30
            </span>
          </div>
          <div>
            <span
              class="_breakdownLabel_d885bc"
            >
              学历:
            </span>
            <span
              class="_breakdownValue_d885bc"
            >
              18
              /20
            </span>
          </div>
          <div>
            <span
              class="_breakdownLabel_d885bc"
            >
              专业:
            </span>
            <span
              class="_breakdownValue_d885bc"
            >
              12
              /15
            </span>
          </div>
          <div>
            <span
              class="_breakdownLabel_d885bc"
            >
              地点:
            </span>
            <span
              class="_breakdownValue_d885bc"
            >
              9
              /10
            </span>
          </div>
          <div>
            <span
              class="_breakdownLabel_d885bc"
            >
              经验:
            </span>
            <span
              class="_breakdownValue_d885bc"
            >
              13
              /15
            </span>
          </div>
          <div>
            <span
              class="_breakdownLabel_d885bc"
            >
              行业:
            </span>
            <span
              class="_breakdownValue_d885bc"
            >
              8
              /10
            </span>
          </div>
        </div>
        <div
          class="_tagSection_d885bc"
        >
          <div
            class="_tagSectionLabel_d885bc"
          >
            匹配项:
          </div>
          <div
            class="_tagList_d885bc"
          >
            <span
              class="_matchTag_d885bc"
            >
              Python
            </span>
            <span
              class="_matchTag_d885bc"
            >
              SQL
            </span>
            <span
              class="_matchTag_d885bc"
            >
              机器学习
            </span>
            <span
              class="_matchTag_d885bc"
            >
              数据分析
            </span>
          </div>
        </div>
        <div
          class="_tagSection_d885bc"
        >
          <div
            class="_tagSectionLabel_d885bc"
          >
            能力缺口:
          </div>
          <div
            class="_tagList_d885bc"
          >
            <span
              class="_gapTag_d885bc"
            >
              缺乏Spark经验
            </span>
          </div>
        </div>
        <div
          class="_actions_d885bc"
        >
          <button
            class="_viewBtn_d885bc"
          >
            查看详情
          </button>
          <button
            class="_exportBtn_d885bc"
          >
            导出报告
          </button>
        </div>
      </div>
      <div
        class="_card_d885bc"
      >
        <div
          class="_cardHeader_d885bc"
        >
          <div
            class="_cardInfo_d885bc"
          >
            <div
              class="_cardTitleRow_d885bc"
            >
              <span
                class="_rank_d885bc"
              >
                #
                2
              </span>
              <h3
                class="_jobTitle_d885bc"
              >
                数据工程师
              </h3>
            </div>
            <div
              class="_jobMeta_d885bc"
            >
              <span>
                某科技公司
              </span>
              <span>
                •
              </span>
              <span>
                北京
              </span>
              <span>
                •
              </span>
              <span
                class="_salary_d885bc"
              >
                25-40K
              </span>
            </div>
          </div>
          <div
            class="_scoreBlock_d885bc"
          >
            <div
              class="_scoreValue_d885bc"
              style="color: rgb(59, 130, 246);"
            >
              72
            </div>
            <div
              class="_scoreLabel_d885bc"
            >
              匹配岗
            </div>
          </div>
        </div>
        <div
          class="_progressBarBg_d885bc"
        >
          <div
            class="_progressBarFill_d885bc"
            style="width: 72%; background-color: rgb(59, 130, 246);"
          />
        </div>
        <div
          class="_breakdownGrid_d885bc"
        >
          <div>
            <span
              class="_breakdownLabel_d885bc"
            >
              技能:
            </span>
            <span
              class="_breakdownValue_d885bc"
            >
              25
              /30
            </span>
          </div>
          <div>
            <span
              class="_breakdownLabel_d885bc"
            >
              学历:
            </span>
            <span
              class="_breakdownValue_d885bc"
            >
              18
              /20
            </span>
          </div>
          <div>
            <span
              class="_breakdownLabel_d885bc"
            >
              专业:
            </span>
            <span
              class="_breakdownValue_d885bc"
            >
              12
              /15
            </span>
          </div>
          <div>
            <span
              class="_breakdownLabel_d885bc"
            >
              地点:
            </span>
            <span
              class="_breakdownValue_d885bc"
            >
              9
              /10
            </span>
          </div>
          <div>
            <span
              class="_breakdownLabel_d885bc"
            >
              经验:
            </span>
            <span
              class="_breakdownValue_d885bc"
            >
              13
              /15
            </span>
          </div>
          <div>
            <span
              class="_breakdownLabel_d885bc"
            >
              行业:
            </span>
            <span
              class="_breakdownValue_d885bc"
            >
              8
              /10
            </span>
          </div>
        </div>
        <div
          class="_tagSection_d885bc"
        >
          <div
            class="_tagSectionLabel_d885bc"
          >
            匹配项:
          </div>
          <div
            class="_tagList_d885bc"
          >
            <span
              class="_matchTag_d885bc"
            >
              Python
            </span>
            <span
              class="_matchTag_d885bc"
            >
              SQL
            </span>
            <span
              class="_matchTag_d885bc"
            >
              机器学习
            </span>
            <span
              class="_matchTag_d885bc"
            >
              数据分析
            </span>
          </div>
        </div>
        <div
          class="_tagSection_d885bc"
        >
          <div
            class="_tagSectionLabel_d885bc"
          >
            能力缺口:
          </div>
          <div
            class="_tagList_d885bc"
          >
            <span
              class="_gapTag_d885bc"
            >
              缺乏Spark经验
            </span>
          </div>
        </div>
        <div
          class="_actions_d885bc"
        >
          <button
            class="_viewBtn_d885bc"
          >
            查看详情
          </button>
          <button
            class="_exportBtn_d885bc"
          >
            导出报告
          </button>
        </div>
      </div>
    </div>
  </div>
</div>
`;

exports[`MatchResults 组件 > 快照测试 > 空状态的快照应该匹配 1`] = `
<div>
  <div
    class="_emptyState_d885bc"
  >
    <p
      class="_emptyText_d885bc"
    >
      暂无匹配结果
    </p>
  </div>
</div>
`;
